{"op_code":0,"worker_id":"740d6063-e257-4c4f-bf62-ef193fda9993-139894119368512","study_name":"lora_optimization","directions":[1]}
{"op_code":0,"worker_id":"e69ad325-faef-46a6-b50d-1bf3f51f58a4-140525088646976","study_name":"lora_optimization","directions":[1]}
{"op_code":0,"worker_id":"be8c187c-9bbf-4d6c-ace0-dfcdda3111cf-140665896421184","study_name":"lora_optimization","directions":[1]}
{"op_code":0,"worker_id":"a6f501d2-4257-4ca2-a1a3-8c4366473af0-139719195563840","study_name":"lora_optimization","directions":[1]}
{"op_code":4,"worker_id":"740d6063-e257-4c4f-bf62-ef193fda9993-139894119368512","study_id":0,"datetime_start":"2026-02-20T06:14:11.240001"}
{"op_code":4,"worker_id":"e69ad325-faef-46a6-b50d-1bf3f51f58a4-140525088646976","study_id":0,"datetime_start":"2026-02-20T06:14:11.241630"}
{"op_code":4,"worker_id":"be8c187c-9bbf-4d6c-ace0-dfcdda3111cf-140665896421184","study_id":0,"datetime_start":"2026-02-20T06:14:11.242760"}
{"op_code":4,"worker_id":"a6f501d2-4257-4ca2-a1a3-8c4366473af0-139719195563840","study_id":0,"datetime_start":"2026-02-20T06:14:11.244338"}
{"op_code":5,"worker_id":"740d6063-e257-4c4f-bf62-ef193fda9993-139894119368512","trial_id":0,"param_name":"r","param_value_internal":8.0,"distribution":"{\"name\": \"IntDistribution\", \"attributes\": {\"log\": true, \"step\": 1, \"low\": 4, \"high\": 128}}"}
{"op_code":5,"worker_id":"e69ad325-faef-46a6-b50d-1bf3f51f58a4-140525088646976","trial_id":1,"param_name":"r","param_value_internal":40.0,"distribution":"{\"name\": \"IntDistribution\", \"attributes\": {\"log\": true, \"step\": 1, \"low\": 4, \"high\": 128}}"}
{"op_code":5,"worker_id":"740d6063-e257-4c4f-bf62-ef193fda9993-139894119368512","trial_id":0,"param_name":"lora_alpha","param_value_internal":242.0,"distribution":"{\"name\": \"IntDistribution\", \"attributes\": {\"log\": true, \"step\": 1, \"low\": 8, \"high\": 256}}"}
{"op_code":5,"worker_id":"be8c187c-9bbf-4d6c-ace0-dfcdda3111cf-140665896421184","trial_id":2,"param_name":"r","param_value_internal":11.0,"distribution":"{\"name\": \"IntDistribution\", \"attributes\": {\"log\": true, \"step\": 1, \"low\": 4, \"high\": 128}}"}
{"op_code":5,"worker_id":"a6f501d2-4257-4ca2-a1a3-8c4366473af0-139719195563840","trial_id":3,"param_name":"r","param_value_internal":12.0,"distribution":"{\"name\": \"IntDistribution\", \"attributes\": {\"log\": true, \"step\": 1, \"low\": 4, \"high\": 128}}"}
{"op_code":5,"worker_id":"740d6063-e257-4c4f-bf62-ef193fda9993-139894119368512","trial_id":0,"param_name":"lora_dropout","param_value_internal":0.04631344619692622,"distribution":"{\"name\": \"FloatDistribution\", \"attributes\": {\"step\": null, \"low\": 0.0, \"high\": 0.3, \"log\": false}}"}
{"op_code":5,"worker_id":"be8c187c-9bbf-4d6c-ace0-dfcdda3111cf-140665896421184","trial_id":2,"param_name":"lora_alpha","param_value_internal":71.0,"distribution":"{\"name\": \"IntDistribution\", \"attributes\": {\"log\": true, \"step\": 1, \"low\": 8, \"high\": 256}}"}
{"op_code":5,"worker_id":"e69ad325-faef-46a6-b50d-1bf3f51f58a4-140525088646976","trial_id":1,"param_name":"lora_alpha","param_value_internal":69.0,"distribution":"{\"name\": \"IntDistribution\", \"attributes\": {\"log\": true, \"step\": 1, \"low\": 8, \"high\": 256}}"}
{"op_code":5,"worker_id":"a6f501d2-4257-4ca2-a1a3-8c4366473af0-139719195563840","trial_id":3,"param_name":"lora_alpha","param_value_internal":38.0,"distribution":"{\"name\": \"IntDistribution\", \"attributes\": {\"log\": true, \"step\": 1, \"low\": 8, \"high\": 256}}"}
{"op_code":5,"worker_id":"be8c187c-9bbf-4d6c-ace0-dfcdda3111cf-140665896421184","trial_id":2,"param_name":"lora_dropout","param_value_internal":0.08881446832254249,"distribution":"{\"name\": \"FloatDistribution\", \"attributes\": {\"step\": null, \"low\": 0.0, \"high\": 0.3, \"log\": false}}"}
{"op_code":5,"worker_id":"a6f501d2-4257-4ca2-a1a3-8c4366473af0-139719195563840","trial_id":3,"param_name":"lora_dropout","param_value_internal":0.1655710940196278,"distribution":"{\"name\": \"FloatDistribution\", \"attributes\": {\"step\": null, \"low\": 0.0, \"high\": 0.3, \"log\": false}}"}
{"op_code":5,"worker_id":"e69ad325-faef-46a6-b50d-1bf3f51f58a4-140525088646976","trial_id":1,"param_name":"lora_dropout","param_value_internal":0.1950016649339573,"distribution":"{\"name\": \"FloatDistribution\", \"attributes\": {\"step\": null, \"low\": 0.0, \"high\": 0.3, \"log\": false}}"}
{"op_code":7,"worker_id":"740d6063-e257-4c4f-bf62-ef193fda9993-139894119368512","trial_id":0,"step":1465,"intermediate_value":38.214456220758144}
{"op_code":6,"worker_id":"740d6063-e257-4c4f-bf62-ef193fda9993-139894119368512","trial_id":0,"state":1,"values":[38.214456220758144],"datetime_complete":"2026-02-20T06:45:40.362996"}
{"op_code":4,"worker_id":"740d6063-e257-4c4f-bf62-ef193fda9993-139894119368512","study_id":0,"datetime_start":"2026-02-20T06:45:40.551840"}
{"op_code":5,"worker_id":"740d6063-e257-4c4f-bf62-ef193fda9993-139894119368512","trial_id":4,"param_name":"r","param_value_internal":19.0,"distribution":"{\"name\": \"IntDistribution\", \"attributes\": {\"log\": true, \"step\": 1, \"low\": 4, \"high\": 128}}"}
{"op_code":5,"worker_id":"740d6063-e257-4c4f-bf62-ef193fda9993-139894119368512","trial_id":4,"param_name":"lora_alpha","param_value_internal":35.0,"distribution":"{\"name\": \"IntDistribution\", \"attributes\": {\"log\": true, \"step\": 1, \"low\": 8, \"high\": 256}}"}
{"op_code":5,"worker_id":"740d6063-e257-4c4f-bf62-ef193fda9993-139894119368512","trial_id":4,"param_name":"lora_dropout","param_value_internal":0.2488682857332301,"distribution":"{\"name\": \"FloatDistribution\", \"attributes\": {\"step\": null, \"low\": 0.0, \"high\": 0.3, \"log\": false}}"}
{"op_code":7,"worker_id":"e69ad325-faef-46a6-b50d-1bf3f51f58a4-140525088646976","trial_id":1,"step":1465,"intermediate_value":48.5782488303256}
{"op_code":6,"worker_id":"e69ad325-faef-46a6-b50d-1bf3f51f58a4-140525088646976","trial_id":1,"state":1,"values":[48.5782488303256],"datetime_complete":"2026-02-20T06:45:48.419930"}
{"op_code":4,"worker_id":"e69ad325-faef-46a6-b50d-1bf3f51f58a4-140525088646976","study_id":0,"datetime_start":"2026-02-20T06:45:48.621454"}
{"op_code":5,"worker_id":"e69ad325-faef-46a6-b50d-1bf3f51f58a4-140525088646976","trial_id":5,"param_name":"r","param_value_internal":12.0,"distribution":"{\"name\": \"IntDistribution\", \"attributes\": {\"log\": true, \"step\": 1, \"low\": 4, \"high\": 128}}"}
{"op_code":5,"worker_id":"e69ad325-faef-46a6-b50d-1bf3f51f58a4-140525088646976","trial_id":5,"param_name":"lora_alpha","param_value_internal":170.0,"distribution":"{\"name\": \"IntDistribution\", \"attributes\": {\"log\": true, \"step\": 1, \"low\": 8, \"high\": 256}}"}
{"op_code":5,"worker_id":"e69ad325-faef-46a6-b50d-1bf3f51f58a4-140525088646976","trial_id":5,"param_name":"lora_dropout","param_value_internal":0.04202994436629043,"distribution":"{\"name\": \"FloatDistribution\", \"attributes\": {\"step\": null, \"low\": 0.0, \"high\": 0.3, \"log\": false}}"}
{"op_code":7,"worker_id":"a6f501d2-4257-4ca2-a1a3-8c4366473af0-139719195563840","trial_id":3,"step":1465,"intermediate_value":58.332855915210544}
{"op_code":6,"worker_id":"a6f501d2-4257-4ca2-a1a3-8c4366473af0-139719195563840","trial_id":3,"state":1,"values":[58.332855915210544],"datetime_complete":"2026-02-20T06:46:06.001456"}
{"op_code":4,"worker_id":"a6f501d2-4257-4ca2-a1a3-8c4366473af0-139719195563840","study_id":0,"datetime_start":"2026-02-20T06:46:06.206332"}
{"op_code":5,"worker_id":"a6f501d2-4257-4ca2-a1a3-8c4366473af0-139719195563840","trial_id":6,"param_name":"r","param_value_internal":119.0,"distribution":"{\"name\": \"IntDistribution\", \"attributes\": {\"log\": true, \"step\": 1, \"low\": 4, \"high\": 128}}"}
{"op_code":5,"worker_id":"a6f501d2-4257-4ca2-a1a3-8c4366473af0-139719195563840","trial_id":6,"param_name":"lora_alpha","param_value_internal":40.0,"distribution":"{\"name\": \"IntDistribution\", \"attributes\": {\"log\": true, \"step\": 1, \"low\": 8, \"high\": 256}}"}
{"op_code":5,"worker_id":"a6f501d2-4257-4ca2-a1a3-8c4366473af0-139719195563840","trial_id":6,"param_name":"lora_dropout","param_value_internal":0.24124153145080143,"distribution":"{\"name\": \"FloatDistribution\", \"attributes\": {\"step\": null, \"low\": 0.0, \"high\": 0.3, \"log\": false}}"}
{"op_code":7,"worker_id":"be8c187c-9bbf-4d6c-ace0-dfcdda3111cf-140665896421184","trial_id":2,"step":1465,"intermediate_value":49.069034660555715}
{"op_code":6,"worker_id":"be8c187c-9bbf-4d6c-ace0-dfcdda3111cf-140665896421184","trial_id":2,"state":1,"values":[49.069034660555715],"datetime_complete":"2026-02-20T06:46:20.831774"}
{"op_code":4,"worker_id":"be8c187c-9bbf-4d6c-ace0-dfcdda3111cf-140665896421184","study_id":0,"datetime_start":"2026-02-20T06:46:21.026958"}
{"op_code":5,"worker_id":"be8c187c-9bbf-4d6c-ace0-dfcdda3111cf-140665896421184","trial_id":7,"param_name":"r","param_value_internal":74.0,"distribution":"{\"name\": \"IntDistribution\", \"attributes\": {\"log\": true, \"step\": 1, \"low\": 4, \"high\": 128}}"}
{"op_code":5,"worker_id":"be8c187c-9bbf-4d6c-ace0-dfcdda3111cf-140665896421184","trial_id":7,"param_name":"lora_alpha","param_value_internal":84.0,"distribution":"{\"name\": \"IntDistribution\", \"attributes\": {\"log\": true, \"step\": 1, \"low\": 8, \"high\": 256}}"}
{"op_code":5,"worker_id":"be8c187c-9bbf-4d6c-ace0-dfcdda3111cf-140665896421184","trial_id":7,"param_name":"lora_dropout","param_value_internal":0.258469337418752,"distribution":"{\"name\": \"FloatDistribution\", \"attributes\": {\"step\": null, \"low\": 0.0, \"high\": 0.3, \"log\": false}}"}
{"op_code":7,"worker_id":"e69ad325-faef-46a6-b50d-1bf3f51f58a4-140525088646976","trial_id":5,"step":1465,"intermediate_value":39.76129093860403}
{"op_code":6,"worker_id":"e69ad325-faef-46a6-b50d-1bf3f51f58a4-140525088646976","trial_id":5,"state":1,"values":[39.76129093860403],"datetime_complete":"2026-02-20T07:17:06.140883"}
{"op_code":4,"worker_id":"e69ad325-faef-46a6-b50d-1bf3f51f58a4-140525088646976","study_id":0,"datetime_start":"2026-02-20T07:17:06.338397"}
{"op_code":5,"worker_id":"e69ad325-faef-46a6-b50d-1bf3f51f58a4-140525088646976","trial_id":8,"param_name":"r","param_value_internal":6.0,"distribution":"{\"name\": \"IntDistribution\", \"attributes\": {\"log\": true, \"step\": 1, \"low\": 4, \"high\": 128}}"}
{"op_code":5,"worker_id":"e69ad325-faef-46a6-b50d-1bf3f51f58a4-140525088646976","trial_id":8,"param_name":"lora_alpha","param_value_internal":90.0,"distribution":"{\"name\": \"IntDistribution\", \"attributes\": {\"log\": true, \"step\": 1, \"low\": 8, \"high\": 256}}"}
{"op_code":5,"worker_id":"e69ad325-faef-46a6-b50d-1bf3f51f58a4-140525088646976","trial_id":8,"param_name":"lora_dropout","param_value_internal":0.07720199773791261,"distribution":"{\"name\": \"FloatDistribution\", \"attributes\": {\"step\": null, \"low\": 0.0, \"high\": 0.3, \"log\": false}}"}
{"op_code":7,"worker_id":"740d6063-e257-4c4f-bf62-ef193fda9993-139894119368512","trial_id":4,"step":1465,"intermediate_value":59.03943473694262}
{"op_code":6,"worker_id":"740d6063-e257-4c4f-bf62-ef193fda9993-139894119368512","trial_id":4,"state":2,"values":[59.03943473694262],"datetime_complete":"2026-02-20T07:17:40.388473"}
{"op_code":7,"worker_id":"be8c187c-9bbf-4d6c-ace0-dfcdda3111cf-140665896421184","trial_id":7,"step":1465,"intermediate_value":46.10140360928101}
{"op_code":6,"worker_id":"be8c187c-9bbf-4d6c-ace0-dfcdda3111cf-140665896421184","trial_id":7,"state":1,"values":[46.10140360928101],"datetime_complete":"2026-02-20T07:18:14.163595"}
{"op_code":4,"worker_id":"be8c187c-9bbf-4d6c-ace0-dfcdda3111cf-140665896421184","study_id":0,"datetime_start":"2026-02-20T07:18:14.362069"}
{"op_code":5,"worker_id":"be8c187c-9bbf-4d6c-ace0-dfcdda3111cf-140665896421184","trial_id":9,"param_name":"r","param_value_internal":5.0,"distribution":"{\"name\": \"IntDistribution\", \"attributes\": {\"log\": true, \"step\": 1, \"low\": 4, \"high\": 128}}"}
{"op_code":5,"worker_id":"be8c187c-9bbf-4d6c-ace0-dfcdda3111cf-140665896421184","trial_id":9,"param_name":"lora_alpha","param_value_internal":18.0,"distribution":"{\"name\": \"IntDistribution\", \"attributes\": {\"log\": true, \"step\": 1, \"low\": 8, \"high\": 256}}"}
{"op_code":5,"worker_id":"be8c187c-9bbf-4d6c-ace0-dfcdda3111cf-140665896421184","trial_id":9,"param_name":"lora_dropout","param_value_internal":0.06569248916500524,"distribution":"{\"name\": \"FloatDistribution\", \"attributes\": {\"step\": null, \"low\": 0.0, \"high\": 0.3, \"log\": false}}"}
{"op_code":7,"worker_id":"a6f501d2-4257-4ca2-a1a3-8c4366473af0-139719195563840","trial_id":6,"step":1465,"intermediate_value":55.554282440561444}
{"op_code":6,"worker_id":"a6f501d2-4257-4ca2-a1a3-8c4366473af0-139719195563840","trial_id":6,"state":2,"values":[55.554282440561444],"datetime_complete":"2026-02-20T07:18:53.892586"}
{"op_code":4,"worker_id":"740d6063-e257-4c4f-bf62-ef193fda9993-139894119368512","study_id":0,"datetime_start":"2026-02-20T07:19:40.776180"}
{"op_code":5,"worker_id":"740d6063-e257-4c4f-bf62-ef193fda9993-139894119368512","trial_id":10,"param_name":"r","param_value_internal":45.0,"distribution":"{\"name\": \"IntDistribution\", \"attributes\": {\"log\": true, \"step\": 1, \"low\": 4, \"high\": 128}}"}
{"op_code":5,"worker_id":"740d6063-e257-4c4f-bf62-ef193fda9993-139894119368512","trial_id":10,"param_name":"lora_alpha","param_value_internal":150.0,"distribution":"{\"name\": \"IntDistribution\", \"attributes\": {\"log\": true, \"step\": 1, \"low\": 8, \"high\": 256}}"}
{"op_code":5,"worker_id":"740d6063-e257-4c4f-bf62-ef193fda9993-139894119368512","trial_id":10,"param_name":"lora_dropout","param_value_internal":0.23824470440575055,"distribution":"{\"name\": \"FloatDistribution\", \"attributes\": {\"step\": null, \"low\": 0.0, \"high\": 0.3, \"log\": false}}"}
{"op_code":4,"worker_id":"a6f501d2-4257-4ca2-a1a3-8c4366473af0-139719195563840","study_id":0,"datetime_start":"2026-02-20T07:20:54.300467"}
{"op_code":5,"worker_id":"a6f501d2-4257-4ca2-a1a3-8c4366473af0-139719195563840","trial_id":11,"param_name":"r","param_value_internal":4.0,"distribution":"{\"name\": \"IntDistribution\", \"attributes\": {\"log\": true, \"step\": 1, \"low\": 4, \"high\": 128}}"}
{"op_code":5,"worker_id":"a6f501d2-4257-4ca2-a1a3-8c4366473af0-139719195563840","trial_id":11,"param_name":"lora_alpha","param_value_internal":46.0,"distribution":"{\"name\": \"IntDistribution\", \"attributes\": {\"log\": true, \"step\": 1, \"low\": 8, \"high\": 256}}"}
{"op_code":5,"worker_id":"a6f501d2-4257-4ca2-a1a3-8c4366473af0-139719195563840","trial_id":11,"param_name":"lora_dropout","param_value_internal":0.26932799276576674,"distribution":"{\"name\": \"FloatDistribution\", \"attributes\": {\"step\": null, \"low\": 0.0, \"high\": 0.3, \"log\": false}}"}
{"op_code":7,"worker_id":"e69ad325-faef-46a6-b50d-1bf3f51f58a4-140525088646976","trial_id":8,"step":1465,"intermediate_value":46.324835290747636}
{"op_code":6,"worker_id":"e69ad325-faef-46a6-b50d-1bf3f51f58a4-140525088646976","trial_id":8,"state":1,"values":[46.324835290747636],"datetime_complete":"2026-02-20T07:48:23.865259"}
{"op_code":4,"worker_id":"e69ad325-faef-46a6-b50d-1bf3f51f58a4-140525088646976","study_id":0,"datetime_start":"2026-02-20T07:48:24.062471"}
{"op_code":5,"worker_id":"e69ad325-faef-46a6-b50d-1bf3f51f58a4-140525088646976","trial_id":12,"param_name":"r","param_value_internal":51.0,"distribution":"{\"name\": \"IntDistribution\", \"attributes\": {\"log\": true, \"step\": 1, \"low\": 4, \"high\": 128}}"}
{"op_code":5,"worker_id":"e69ad325-faef-46a6-b50d-1bf3f51f58a4-140525088646976","trial_id":12,"param_name":"lora_alpha","param_value_internal":155.0,"distribution":"{\"name\": \"IntDistribution\", \"attributes\": {\"log\": true, \"step\": 1, \"low\": 8, \"high\": 256}}"}
{"op_code":5,"worker_id":"e69ad325-faef-46a6-b50d-1bf3f51f58a4-140525088646976","trial_id":12,"param_name":"lora_dropout","param_value_internal":0.09181817202054927,"distribution":"{\"name\": \"FloatDistribution\", \"attributes\": {\"step\": null, \"low\": 0.0, \"high\": 0.3, \"log\": false}}"}
{"op_code":7,"worker_id":"be8c187c-9bbf-4d6c-ace0-dfcdda3111cf-140665896421184","trial_id":9,"step":1465,"intermediate_value":78.44552659218944}
{"op_code":6,"worker_id":"be8c187c-9bbf-4d6c-ace0-dfcdda3111cf-140665896421184","trial_id":9,"state":2,"values":[78.44552659218944],"datetime_complete":"2026-02-20T07:51:11.928938"}
{"op_code":7,"worker_id":"740d6063-e257-4c4f-bf62-ef193fda9993-139894119368512","trial_id":10,"step":1465,"intermediate_value":40.70657882173207}
{"op_code":6,"worker_id":"740d6063-e257-4c4f-bf62-ef193fda9993-139894119368512","trial_id":10,"state":1,"values":[40.70657882173207],"datetime_complete":"2026-02-20T07:51:51.982857"}
{"op_code":4,"worker_id":"740d6063-e257-4c4f-bf62-ef193fda9993-139894119368512","study_id":0,"datetime_start":"2026-02-20T07:51:52.186109"}
{"op_code":5,"worker_id":"740d6063-e257-4c4f-bf62-ef193fda9993-139894119368512","trial_id":13,"param_name":"r","param_value_internal":9.0,"distribution":"{\"name\": \"IntDistribution\", \"attributes\": {\"log\": true, \"step\": 1, \"low\": 4, \"high\": 128}}"}
{"op_code":5,"worker_id":"740d6063-e257-4c4f-bf62-ef193fda9993-139894119368512","trial_id":13,"param_name":"lora_alpha","param_value_internal":238.0,"distribution":"{\"name\": \"IntDistribution\", \"attributes\": {\"log\": true, \"step\": 1, \"low\": 8, \"high\": 256}}"}
{"op_code":5,"worker_id":"740d6063-e257-4c4f-bf62-ef193fda9993-139894119368512","trial_id":13,"param_name":"lora_dropout","param_value_internal":0.002860916535069938,"distribution":"{\"name\": \"FloatDistribution\", \"attributes\": {\"step\": null, \"low\": 0.0, \"high\": 0.3, \"log\": false}}"}
{"op_code":7,"worker_id":"a6f501d2-4257-4ca2-a1a3-8c4366473af0-139719195563840","trial_id":11,"step":1465,"intermediate_value":57.1679556955982}
{"op_code":6,"worker_id":"a6f501d2-4257-4ca2-a1a3-8c4366473af0-139719195563840","trial_id":11,"state":2,"values":[57.1679556955982],"datetime_complete":"2026-02-20T07:52:28.124010"}
{"op_code":4,"worker_id":"be8c187c-9bbf-4d6c-ace0-dfcdda3111cf-140665896421184","study_id":0,"datetime_start":"2026-02-20T07:53:12.341164"}
{"op_code":5,"worker_id":"be8c187c-9bbf-4d6c-ace0-dfcdda3111cf-140665896421184","trial_id":14,"param_name":"r","param_value_internal":9.0,"distribution":"{\"name\": \"IntDistribution\", \"attributes\": {\"log\": true, \"step\": 1, \"low\": 4, \"high\": 128}}"}
{"op_code":5,"worker_id":"be8c187c-9bbf-4d6c-ace0-dfcdda3111cf-140665896421184","trial_id":14,"param_name":"lora_alpha","param_value_internal":224.0,"distribution":"{\"name\": \"IntDistribution\", \"attributes\": {\"log\": true, \"step\": 1, \"low\": 8, \"high\": 256}}"}
{"op_code":5,"worker_id":"be8c187c-9bbf-4d6c-ace0-dfcdda3111cf-140665896421184","trial_id":14,"param_name":"lora_dropout","param_value_internal":0.0056633350041745065,"distribution":"{\"name\": \"FloatDistribution\", \"attributes\": {\"step\": null, \"low\": 0.0, \"high\": 0.3, \"log\": false}}"}
{"op_code":4,"worker_id":"a6f501d2-4257-4ca2-a1a3-8c4366473af0-139719195563840","study_id":0,"datetime_start":"2026-02-20T07:54:28.532665"}
{"op_code":5,"worker_id":"a6f501d2-4257-4ca2-a1a3-8c4366473af0-139719195563840","trial_id":15,"param_name":"r","param_value_internal":10.0,"distribution":"{\"name\": \"IntDistribution\", \"attributes\": {\"log\": true, \"step\": 1, \"low\": 4, \"high\": 128}}"}
{"op_code":5,"worker_id":"a6f501d2-4257-4ca2-a1a3-8c4366473af0-139719195563840","trial_id":15,"param_name":"lora_alpha","param_value_internal":229.0,"distribution":"{\"name\": \"IntDistribution\", \"attributes\": {\"log\": true, \"step\": 1, \"low\": 8, \"high\": 256}}"}
{"op_code":5,"worker_id":"a6f501d2-4257-4ca2-a1a3-8c4366473af0-139719195563840","trial_id":15,"param_name":"lora_dropout","param_value_internal":0.002621093595655044,"distribution":"{\"name\": \"FloatDistribution\", \"attributes\": {\"step\": null, \"low\": 0.0, \"high\": 0.3, \"log\": false}}"}
{"op_code":7,"worker_id":"e69ad325-faef-46a6-b50d-1bf3f51f58a4-140525088646976","trial_id":12,"step":1465,"intermediate_value":39.8816003055476}
{"op_code":6,"worker_id":"e69ad325-faef-46a6-b50d-1bf3f51f58a4-140525088646976","trial_id":12,"state":1,"values":[39.8816003055476],"datetime_complete":"2026-02-20T08:20:20.149772"}
{"op_code":4,"worker_id":"e69ad325-faef-46a6-b50d-1bf3f51f58a4-140525088646976","study_id":0,"datetime_start":"2026-02-20T08:20:20.347022"}
{"op_code":5,"worker_id":"e69ad325-faef-46a6-b50d-1bf3f51f58a4-140525088646976","trial_id":16,"param_name":"r","param_value_internal":9.0,"distribution":"{\"name\": \"IntDistribution\", \"attributes\": {\"log\": true, \"step\": 1, \"low\": 4, \"high\": 128}}"}
{"op_code":5,"worker_id":"e69ad325-faef-46a6-b50d-1bf3f51f58a4-140525088646976","trial_id":16,"param_name":"lora_alpha","param_value_internal":231.0,"distribution":"{\"name\": \"IntDistribution\", \"attributes\": {\"log\": true, \"step\": 1, \"low\": 8, \"high\": 256}}"}
{"op_code":5,"worker_id":"e69ad325-faef-46a6-b50d-1bf3f51f58a4-140525088646976","trial_id":16,"param_name":"lora_dropout","param_value_internal":0.0005821655243742341,"distribution":"{\"name\": \"FloatDistribution\", \"attributes\": {\"step\": null, \"low\": 0.0, \"high\": 0.3, \"log\": false}}"}
{"op_code":7,"worker_id":"740d6063-e257-4c4f-bf62-ef193fda9993-139894119368512","trial_id":13,"step":1465,"intermediate_value":38.70142270600592}
{"op_code":6,"worker_id":"740d6063-e257-4c4f-bf62-ef193fda9993-139894119368512","trial_id":13,"state":1,"values":[38.70142270600592],"datetime_complete":"2026-02-20T08:23:40.928945"}
{"op_code":4,"worker_id":"740d6063-e257-4c4f-bf62-ef193fda9993-139894119368512","study_id":0,"datetime_start":"2026-02-20T08:23:41.114933"}
{"op_code":5,"worker_id":"740d6063-e257-4c4f-bf62-ef193fda9993-139894119368512","trial_id":17,"param_name":"r","param_value_internal":7.0,"distribution":"{\"name\": \"IntDistribution\", \"attributes\": {\"log\": true, \"step\": 1, \"low\": 4, \"high\": 128}}"}
{"op_code":5,"worker_id":"740d6063-e257-4c4f-bf62-ef193fda9993-139894119368512","trial_id":17,"param_name":"lora_alpha","param_value_internal":243.0,"distribution":"{\"name\": \"IntDistribution\", \"attributes\": {\"log\": true, \"step\": 1, \"low\": 8, \"high\": 256}}"}
{"op_code":5,"worker_id":"740d6063-e257-4c4f-bf62-ef193fda9993-139894119368512","trial_id":17,"param_name":"lora_dropout","param_value_internal":0.0029673286189487932,"distribution":"{\"name\": \"FloatDistribution\", \"attributes\": {\"step\": null, \"low\": 0.0, \"high\": 0.3, \"log\": false}}"}
{"op_code":7,"worker_id":"be8c187c-9bbf-4d6c-ace0-dfcdda3111cf-140665896421184","trial_id":14,"step":1465,"intermediate_value":39.09481523918648}
{"op_code":6,"worker_id":"be8c187c-9bbf-4d6c-ace0-dfcdda3111cf-140665896421184","trial_id":14,"state":1,"values":[39.09481523918648],"datetime_complete":"2026-02-20T08:25:02.264482"}
{"op_code":4,"worker_id":"be8c187c-9bbf-4d6c-ace0-dfcdda3111cf-140665896421184","study_id":0,"datetime_start":"2026-02-20T08:25:02.467671"}
{"op_code":5,"worker_id":"be8c187c-9bbf-4d6c-ace0-dfcdda3111cf-140665896421184","trial_id":18,"param_name":"r","param_value_internal":21.0,"distribution":"{\"name\": \"IntDistribution\", \"attributes\": {\"log\": true, \"step\": 1, \"low\": 4, \"high\": 128}}"}
{"op_code":5,"worker_id":"be8c187c-9bbf-4d6c-ace0-dfcdda3111cf-140665896421184","trial_id":18,"param_name":"lora_alpha","param_value_internal":250.0,"distribution":"{\"name\": \"IntDistribution\", \"attributes\": {\"log\": true, \"step\": 1, \"low\": 8, \"high\": 256}}"}
{"op_code":5,"worker_id":"be8c187c-9bbf-4d6c-ace0-dfcdda3111cf-140665896421184","trial_id":18,"param_name":"lora_dropout","param_value_internal":0.0036976811840205136,"distribution":"{\"name\": \"FloatDistribution\", \"attributes\": {\"step\": null, \"low\": 0.0, \"high\": 0.3, \"log\": false}}"}
{"op_code":7,"worker_id":"a6f501d2-4257-4ca2-a1a3-8c4366473af0-139719195563840","trial_id":15,"step":1465,"intermediate_value":38.560106941659505}
{"op_code":6,"worker_id":"a6f501d2-4257-4ca2-a1a3-8c4366473af0-139719195563840","trial_id":15,"state":1,"values":[38.560106941659505],"datetime_complete":"2026-02-20T08:25:47.258505"}
{"op_code":4,"worker_id":"a6f501d2-4257-4ca2-a1a3-8c4366473af0-139719195563840","study_id":0,"datetime_start":"2026-02-20T08:25:47.454942"}
{"op_code":5,"worker_id":"a6f501d2-4257-4ca2-a1a3-8c4366473af0-139719195563840","trial_id":19,"param_name":"r","param_value_internal":20.0,"distribution":"{\"name\": \"IntDistribution\", \"attributes\": {\"log\": true, \"step\": 1, \"low\": 4, \"high\": 128}}"}
{"op_code":5,"worker_id":"a6f501d2-4257-4ca2-a1a3-8c4366473af0-139719195563840","trial_id":19,"param_name":"lora_alpha","param_value_internal":9.0,"distribution":"{\"name\": \"IntDistribution\", \"attributes\": {\"log\": true, \"step\": 1, \"low\": 8, \"high\": 256}}"}
{"op_code":5,"worker_id":"a6f501d2-4257-4ca2-a1a3-8c4366473af0-139719195563840","trial_id":19,"param_name":"lora_dropout","param_value_internal":0.03806595119903075,"distribution":"{\"name\": \"FloatDistribution\", \"attributes\": {\"step\": null, \"low\": 0.0, \"high\": 0.3, \"log\": false}}"}
{"op_code":7,"worker_id":"e69ad325-faef-46a6-b50d-1bf3f51f58a4-140525088646976","trial_id":16,"step":1465,"intermediate_value":38.80645469302015}
{"op_code":6,"worker_id":"e69ad325-faef-46a6-b50d-1bf3f51f58a4-140525088646976","trial_id":16,"state":1,"values":[38.80645469302015],"datetime_complete":"2026-02-20T08:52:05.943821"}
{"op_code":4,"worker_id":"e69ad325-faef-46a6-b50d-1bf3f51f58a4-140525088646976","study_id":0,"datetime_start":"2026-02-20T08:52:06.153102"}
{"op_code":5,"worker_id":"e69ad325-faef-46a6-b50d-1bf3f51f58a4-140525088646976","trial_id":20,"param_name":"r","param_value_internal":25.0,"distribution":"{\"name\": \"IntDistribution\", \"attributes\": {\"log\": true, \"step\": 1, \"low\": 4, \"high\": 128}}"}
{"op_code":5,"worker_id":"e69ad325-faef-46a6-b50d-1bf3f51f58a4-140525088646976","trial_id":20,"param_name":"lora_alpha","param_value_internal":8.0,"distribution":"{\"name\": \"IntDistribution\", \"attributes\": {\"log\": true, \"step\": 1, \"low\": 8, \"high\": 256}}"}
{"op_code":5,"worker_id":"e69ad325-faef-46a6-b50d-1bf3f51f58a4-140525088646976","trial_id":20,"param_name":"lora_dropout","param_value_internal":0.12425410561268413,"distribution":"{\"name\": \"FloatDistribution\", \"attributes\": {\"step\": null, \"low\": 0.0, \"high\": 0.3, \"log\": false}}"}
{"op_code":7,"worker_id":"740d6063-e257-4c4f-bf62-ef193fda9993-139894119368512","trial_id":17,"step":1465,"intermediate_value":38.85610617779051}
{"op_code":6,"worker_id":"740d6063-e257-4c4f-bf62-ef193fda9993-139894119368512","trial_id":17,"state":1,"values":[38.85610617779051],"datetime_complete":"2026-02-20T08:55:21.496860"}
{"op_code":4,"worker_id":"740d6063-e257-4c4f-bf62-ef193fda9993-139894119368512","study_id":0,"datetime_start":"2026-02-20T08:55:21.690133"}
{"op_code":5,"worker_id":"740d6063-e257-4c4f-bf62-ef193fda9993-139894119368512","trial_id":21,"param_name":"r","param_value_internal":22.0,"distribution":"{\"name\": \"IntDistribution\", \"attributes\": {\"log\": true, \"step\": 1, \"low\": 4, \"high\": 128}}"}
{"op_code":5,"worker_id":"740d6063-e257-4c4f-bf62-ef193fda9993-139894119368512","trial_id":21,"param_name":"lora_alpha","param_value_internal":9.0,"distribution":"{\"name\": \"IntDistribution\", \"attributes\": {\"log\": true, \"step\": 1, \"low\": 8, \"high\": 256}}"}
{"op_code":5,"worker_id":"740d6063-e257-4c4f-bf62-ef193fda9993-139894119368512","trial_id":21,"param_name":"lora_dropout","param_value_internal":0.12379137621451403,"distribution":"{\"name\": \"FloatDistribution\", \"attributes\": {\"step\": null, \"low\": 0.0, \"high\": 0.3, \"log\": false}}"}
{"op_code":7,"worker_id":"be8c187c-9bbf-4d6c-ace0-dfcdda3111cf-140665896421184","trial_id":18,"step":1465,"intermediate_value":37.125942900792516}
{"op_code":6,"worker_id":"be8c187c-9bbf-4d6c-ace0-dfcdda3111cf-140665896421184","trial_id":18,"state":1,"values":[37.125942900792516],"datetime_complete":"2026-02-20T08:56:51.599391"}
{"op_code":4,"worker_id":"be8c187c-9bbf-4d6c-ace0-dfcdda3111cf-140665896421184","study_id":0,"datetime_start":"2026-02-20T08:56:51.796530"}
{"op_code":5,"worker_id":"be8c187c-9bbf-4d6c-ace0-dfcdda3111cf-140665896421184","trial_id":22,"param_name":"r","param_value_internal":22.0,"distribution":"{\"name\": \"IntDistribution\", \"attributes\": {\"log\": true, \"step\": 1, \"low\": 4, \"high\": 128}}"}
{"op_code":5,"worker_id":"be8c187c-9bbf-4d6c-ace0-dfcdda3111cf-140665896421184","trial_id":22,"param_name":"lora_alpha","param_value_internal":8.0,"distribution":"{\"name\": \"IntDistribution\", \"attributes\": {\"log\": true, \"step\": 1, \"low\": 8, \"high\": 256}}"}
{"op_code":5,"worker_id":"be8c187c-9bbf-4d6c-ace0-dfcdda3111cf-140665896421184","trial_id":22,"param_name":"lora_dropout","param_value_internal":0.13981105777957836,"distribution":"{\"name\": \"FloatDistribution\", \"attributes\": {\"step\": null, \"low\": 0.0, \"high\": 0.3, \"log\": false}}"}
{"op_code":7,"worker_id":"a6f501d2-4257-4ca2-a1a3-8c4366473af0-139719195563840","trial_id":19,"step":1465,"intermediate_value":108.43693306597919}
{"op_code":6,"worker_id":"a6f501d2-4257-4ca2-a1a3-8c4366473af0-139719195563840","trial_id":19,"state":2,"values":[108.43693306597919],"datetime_complete":"2026-02-20T09:00:14.485976"}
{"op_code":4,"worker_id":"a6f501d2-4257-4ca2-a1a3-8c4366473af0-139719195563840","study_id":0,"datetime_start":"2026-02-20T09:02:14.884316"}
{"op_code":5,"worker_id":"a6f501d2-4257-4ca2-a1a3-8c4366473af0-139719195563840","trial_id":23,"param_name":"r","param_value_internal":26.0,"distribution":"{\"name\": \"IntDistribution\", \"attributes\": {\"log\": true, \"step\": 1, \"low\": 4, \"high\": 128}}"}
{"op_code":5,"worker_id":"a6f501d2-4257-4ca2-a1a3-8c4366473af0-139719195563840","trial_id":23,"param_name":"lora_alpha","param_value_internal":116.0,"distribution":"{\"name\": \"IntDistribution\", \"attributes\": {\"log\": true, \"step\": 1, \"low\": 8, \"high\": 256}}"}
{"op_code":5,"worker_id":"a6f501d2-4257-4ca2-a1a3-8c4366473af0-139719195563840","trial_id":23,"param_name":"lora_dropout","param_value_internal":0.12698294866654297,"distribution":"{\"name\": \"FloatDistribution\", \"attributes\": {\"step\": null, \"low\": 0.0, \"high\": 0.3, \"log\": false}}"}
{"op_code":7,"worker_id":"e69ad325-faef-46a6-b50d-1bf3f51f58a4-140525088646976","trial_id":20,"step":1465,"intermediate_value":114.88016805117923}
{"op_code":6,"worker_id":"e69ad325-faef-46a6-b50d-1bf3f51f58a4-140525088646976","trial_id":20,"state":2,"values":[114.88016805117923],"datetime_complete":"2026-02-20T09:26:59.176280"}
{"op_code":4,"worker_id":"e69ad325-faef-46a6-b50d-1bf3f51f58a4-140525088646976","study_id":0,"datetime_start":"2026-02-20T09:28:59.591457"}
{"op_code":5,"worker_id":"e69ad325-faef-46a6-b50d-1bf3f51f58a4-140525088646976","trial_id":24,"param_name":"r","param_value_internal":16.0,"distribution":"{\"name\": \"IntDistribution\", \"attributes\": {\"log\": true, \"step\": 1, \"low\": 4, \"high\": 128}}"}
{"op_code":5,"worker_id":"e69ad325-faef-46a6-b50d-1bf3f51f58a4-140525088646976","trial_id":24,"param_name":"lora_alpha","param_value_internal":119.0,"distribution":"{\"name\": \"IntDistribution\", \"attributes\": {\"log\": true, \"step\": 1, \"low\": 8, \"high\": 256}}"}
{"op_code":5,"worker_id":"e69ad325-faef-46a6-b50d-1bf3f51f58a4-140525088646976","trial_id":24,"param_name":"lora_dropout","param_value_internal":0.03985451795155945,"distribution":"{\"name\": \"FloatDistribution\", \"attributes\": {\"step\": null, \"low\": 0.0, \"high\": 0.3, \"log\": false}}"}
{"op_code":7,"worker_id":"740d6063-e257-4c4f-bf62-ef193fda9993-139894119368512","trial_id":21,"step":1465,"intermediate_value":106.07466819440465}
{"op_code":6,"worker_id":"740d6063-e257-4c4f-bf62-ef193fda9993-139894119368512","trial_id":21,"state":2,"values":[106.07466819440465],"datetime_complete":"2026-02-20T09:29:23.177039"}
{"op_code":7,"worker_id":"be8c187c-9bbf-4d6c-ace0-dfcdda3111cf-140665896421184","trial_id":22,"step":1465,"intermediate_value":114.24615678411152}
{"op_code":6,"worker_id":"be8c187c-9bbf-4d6c-ace0-dfcdda3111cf-140665896421184","trial_id":22,"state":2,"values":[114.24615678411152],"datetime_complete":"2026-02-20T09:31:10.948337"}
{"op_code":4,"worker_id":"740d6063-e257-4c4f-bf62-ef193fda9993-139894119368512","study_id":0,"datetime_start":"2026-02-20T09:31:23.611254"}
{"op_code":5,"worker_id":"740d6063-e257-4c4f-bf62-ef193fda9993-139894119368512","trial_id":25,"param_name":"r","param_value_internal":15.0,"distribution":"{\"name\": \"IntDistribution\", \"attributes\": {\"log\": true, \"step\": 1, \"low\": 4, \"high\": 128}}"}
{"op_code":5,"worker_id":"740d6063-e257-4c4f-bf62-ef193fda9993-139894119368512","trial_id":25,"param_name":"lora_alpha","param_value_internal":119.0,"distribution":"{\"name\": \"IntDistribution\", \"attributes\": {\"log\": true, \"step\": 1, \"low\": 8, \"high\": 256}}"}
{"op_code":5,"worker_id":"740d6063-e257-4c4f-bf62-ef193fda9993-139894119368512","trial_id":25,"param_name":"lora_dropout","param_value_internal":0.04075893384470297,"distribution":"{\"name\": \"FloatDistribution\", \"attributes\": {\"step\": null, \"low\": 0.0, \"high\": 0.3, \"log\": false}}"}
{"op_code":4,"worker_id":"be8c187c-9bbf-4d6c-ace0-dfcdda3111cf-140665896421184","study_id":0,"datetime_start":"2026-02-20T09:33:11.354961"}
{"op_code":5,"worker_id":"be8c187c-9bbf-4d6c-ace0-dfcdda3111cf-140665896421184","trial_id":26,"param_name":"r","param_value_internal":16.0,"distribution":"{\"name\": \"IntDistribution\", \"attributes\": {\"log\": true, \"step\": 1, \"low\": 4, \"high\": 128}}"}
{"op_code":5,"worker_id":"be8c187c-9bbf-4d6c-ace0-dfcdda3111cf-140665896421184","trial_id":26,"param_name":"lora_alpha","param_value_internal":121.0,"distribution":"{\"name\": \"IntDistribution\", \"attributes\": {\"log\": true, \"step\": 1, \"low\": 8, \"high\": 256}}"}
{"op_code":5,"worker_id":"be8c187c-9bbf-4d6c-ace0-dfcdda3111cf-140665896421184","trial_id":26,"param_name":"lora_dropout","param_value_internal":0.0378842938200595,"distribution":"{\"name\": \"FloatDistribution\", \"attributes\": {\"step\": null, \"low\": 0.0, \"high\": 0.3, \"log\": false}}"}
{"op_code":7,"worker_id":"a6f501d2-4257-4ca2-a1a3-8c4366473af0-139719195563840","trial_id":23,"step":1465,"intermediate_value":42.620070657882174}
{"op_code":6,"worker_id":"a6f501d2-4257-4ca2-a1a3-8c4366473af0-139719195563840","trial_id":23,"state":2,"values":[42.620070657882174],"datetime_complete":"2026-02-20T09:33:36.369446"}
{"op_code":4,"worker_id":"a6f501d2-4257-4ca2-a1a3-8c4366473af0-139719195563840","study_id":0,"datetime_start":"2026-02-20T09:35:36.810849"}
{"op_code":5,"worker_id":"a6f501d2-4257-4ca2-a1a3-8c4366473af0-139719195563840","trial_id":27,"param_name":"r","param_value_internal":15.0,"distribution":"{\"name\": \"IntDistribution\", \"attributes\": {\"log\": true, \"step\": 1, \"low\": 4, \"high\": 128}}"}
{"op_code":5,"worker_id":"a6f501d2-4257-4ca2-a1a3-8c4366473af0-139719195563840","trial_id":27,"param_name":"lora_alpha","param_value_internal":123.0,"distribution":"{\"name\": \"IntDistribution\", \"attributes\": {\"log\": true, \"step\": 1, \"low\": 8, \"high\": 256}}"}
{"op_code":5,"worker_id":"a6f501d2-4257-4ca2-a1a3-8c4366473af0-139719195563840","trial_id":27,"param_name":"lora_dropout","param_value_internal":0.050749088320406685,"distribution":"{\"name\": \"FloatDistribution\", \"attributes\": {\"step\": null, \"low\": 0.0, \"high\": 0.3, \"log\": false}}"}
{"op_code":7,"worker_id":"e69ad325-faef-46a6-b50d-1bf3f51f58a4-140525088646976","trial_id":24,"step":1465,"intermediate_value":43.10130812565645}
{"op_code":6,"worker_id":"e69ad325-faef-46a6-b50d-1bf3f51f58a4-140525088646976","trial_id":24,"state":2,"values":[43.10130812565645],"datetime_complete":"2026-02-20T10:00:19.661323"}
{"op_code":4,"worker_id":"e69ad325-faef-46a6-b50d-1bf3f51f58a4-140525088646976","study_id":0,"datetime_start":"2026-02-20T10:02:20.074903"}
{"op_code":5,"worker_id":"e69ad325-faef-46a6-b50d-1bf3f51f58a4-140525088646976","trial_id":28,"param_name":"r","param_value_internal":33.0,"distribution":"{\"name\": \"IntDistribution\", \"attributes\": {\"log\": true, \"step\": 1, \"low\": 4, \"high\": 128}}"}
{"op_code":5,"worker_id":"e69ad325-faef-46a6-b50d-1bf3f51f58a4-140525088646976","trial_id":28,"param_name":"lora_alpha","param_value_internal":184.0,"distribution":"{\"name\": \"IntDistribution\", \"attributes\": {\"log\": true, \"step\": 1, \"low\": 8, \"high\": 256}}"}
{"op_code":5,"worker_id":"e69ad325-faef-46a6-b50d-1bf3f51f58a4-140525088646976","trial_id":28,"param_name":"lora_dropout","param_value_internal":0.049990951144626594,"distribution":"{\"name\": \"FloatDistribution\", \"attributes\": {\"step\": null, \"low\": 0.0, \"high\": 0.3, \"log\": false}}"}
{"op_code":7,"worker_id":"740d6063-e257-4c4f-bf62-ef193fda9993-139894119368512","trial_id":25,"step":1465,"intermediate_value":42.87596677169866}
{"op_code":6,"worker_id":"740d6063-e257-4c4f-bf62-ef193fda9993-139894119368512","trial_id":25,"state":2,"values":[42.87596677169866],"datetime_complete":"2026-02-20T10:03:08.908219"}
{"op_code":7,"worker_id":"be8c187c-9bbf-4d6c-ace0-dfcdda3111cf-140665896421184","trial_id":26,"step":1465,"intermediate_value":43.02874057099208}
{"op_code":6,"worker_id":"be8c187c-9bbf-4d6c-ace0-dfcdda3111cf-140665896421184","trial_id":26,"state":2,"values":[43.02874057099208],"datetime_complete":"2026-02-20T10:04:38.067367"}
{"op_code":4,"worker_id":"740d6063-e257-4c4f-bf62-ef193fda9993-139894119368512","study_id":0,"datetime_start":"2026-02-20T10:05:09.313470"}
{"op_code":5,"worker_id":"740d6063-e257-4c4f-bf62-ef193fda9993-139894119368512","trial_id":29,"param_name":"r","param_value_internal":33.0,"distribution":"{\"name\": \"IntDistribution\", \"attributes\": {\"log\": true, \"step\": 1, \"low\": 4, \"high\": 128}}"}
{"op_code":5,"worker_id":"740d6063-e257-4c4f-bf62-ef193fda9993-139894119368512","trial_id":29,"param_name":"lora_alpha","param_value_internal":183.0,"distribution":"{\"name\": \"IntDistribution\", \"attributes\": {\"log\": true, \"step\": 1, \"low\": 8, \"high\": 256}}"}
{"op_code":5,"worker_id":"740d6063-e257-4c4f-bf62-ef193fda9993-139894119368512","trial_id":29,"param_name":"lora_dropout","param_value_internal":0.06175312293259223,"distribution":"{\"name\": \"FloatDistribution\", \"attributes\": {\"step\": null, \"low\": 0.0, \"high\": 0.3, \"log\": false}}"}
{"op_code":4,"worker_id":"be8c187c-9bbf-4d6c-ace0-dfcdda3111cf-140665896421184","study_id":0,"datetime_start":"2026-02-20T10:06:38.452856"}
{"op_code":5,"worker_id":"be8c187c-9bbf-4d6c-ace0-dfcdda3111cf-140665896421184","trial_id":30,"param_name":"r","param_value_internal":4.0,"distribution":"{\"name\": \"IntDistribution\", \"attributes\": {\"log\": true, \"step\": 1, \"low\": 4, \"high\": 128}}"}
{"op_code":5,"worker_id":"be8c187c-9bbf-4d6c-ace0-dfcdda3111cf-140665896421184","trial_id":30,"param_name":"lora_alpha","param_value_internal":186.0,"distribution":"{\"name\": \"IntDistribution\", \"attributes\": {\"log\": true, \"step\": 1, \"low\": 8, \"high\": 256}}"}
{"op_code":5,"worker_id":"be8c187c-9bbf-4d6c-ace0-dfcdda3111cf-140665896421184","trial_id":30,"param_name":"lora_dropout","param_value_internal":0.06206451972084676,"distribution":"{\"name\": \"FloatDistribution\", \"attributes\": {\"step\": null, \"low\": 0.0, \"high\": 0.3, \"log\": false}}"}
{"op_code":7,"worker_id":"a6f501d2-4257-4ca2-a1a3-8c4366473af0-139719195563840","trial_id":27,"step":1465,"intermediate_value":41.78554377924186}
{"op_code":6,"worker_id":"a6f501d2-4257-4ca2-a1a3-8c4366473af0-139719195563840","trial_id":27,"state":2,"values":[41.78554377924186],"datetime_complete":"2026-02-20T10:07:28.848782"}
{"op_code":4,"worker_id":"a6f501d2-4257-4ca2-a1a3-8c4366473af0-139719195563840","study_id":0,"datetime_start":"2026-02-20T10:09:29.270603"}
{"op_code":5,"worker_id":"a6f501d2-4257-4ca2-a1a3-8c4366473af0-139719195563840","trial_id":31,"param_name":"r","param_value_internal":30.0,"distribution":"{\"name\": \"IntDistribution\", \"attributes\": {\"log\": true, \"step\": 1, \"low\": 4, \"high\": 128}}"}
{"op_code":5,"worker_id":"a6f501d2-4257-4ca2-a1a3-8c4366473af0-139719195563840","trial_id":31,"param_name":"lora_alpha","param_value_internal":184.0,"distribution":"{\"name\": \"IntDistribution\", \"attributes\": {\"log\": true, \"step\": 1, \"low\": 8, \"high\": 256}}"}
{"op_code":5,"worker_id":"a6f501d2-4257-4ca2-a1a3-8c4366473af0-139719195563840","trial_id":31,"param_name":"lora_dropout","param_value_internal":0.021318372806703744,"distribution":"{\"name\": \"FloatDistribution\", \"attributes\": {\"step\": null, \"low\": 0.0, \"high\": 0.3, \"log\": false}}"}
{"op_code":7,"worker_id":"e69ad325-faef-46a6-b50d-1bf3f51f58a4-140525088646976","trial_id":28,"step":1465,"intermediate_value":39.51112384226106}
{"op_code":6,"worker_id":"e69ad325-faef-46a6-b50d-1bf3f51f58a4-140525088646976","trial_id":28,"state":1,"values":[39.51112384226106],"datetime_complete":"2026-02-20T10:34:34.764921"}
{"op_code":7,"worker_id":"740d6063-e257-4c4f-bf62-ef193fda9993-139894119368512","trial_id":29,"step":1465,"intermediate_value":39.33925331805595}
{"op_code":6,"worker_id":"740d6063-e257-4c4f-bf62-ef193fda9993-139894119368512","trial_id":29,"state":1,"values":[39.33925331805595],"datetime_complete":"2026-02-20T10:37:16.905172"}
{"op_code":7,"worker_id":"be8c187c-9bbf-4d6c-ace0-dfcdda3111cf-140665896421184","trial_id":30,"step":1465,"intermediate_value":42.42528406378306}
{"op_code":6,"worker_id":"be8c187c-9bbf-4d6c-ace0-dfcdda3111cf-140665896421184","trial_id":30,"state":2,"values":[42.42528406378306],"datetime_complete":"2026-02-20T10:38:04.300054"}
{"op_code":7,"worker_id":"a6f501d2-4257-4ca2-a1a3-8c4366473af0-139719195563840","trial_id":31,"step":1465,"intermediate_value":39.27814379833858}
{"op_code":6,"worker_id":"a6f501d2-4257-4ca2-a1a3-8c4366473af0-139719195563840","trial_id":31,"state":1,"values":[39.27814379833858],"datetime_complete":"2026-02-20T10:40:54.118860"}
